    Long live the king!
    In the same figure, like the king that's dead.
    Looks it not like the king? mark it, Horatio.
